PB inputs inputs E:/14.7/ISE_DS/files/FaceRecoViaPCNN/inputs.vhd sub00/vhpl02 1480074287
PH inputs NULL E:/14.7/ISE_DS/files/FaceRecoViaPCNN/inputs.vhd sub00/vhpl01 1480074286
EN controlunit NULL E:/14.7/ISE_DS/files/FaceRecoViaPCNN/ControlUnit.vhd sub00/vhpl03 1480074288
PH arraypack NULL E:/14.7/ISE_DS/files/FaceRecoViaPCNN/arraypack.vhd sub00/vhpl00 1480074285
AR controlunit behavioral E:/14.7/ISE_DS/files/FaceRecoViaPCNN/ControlUnit.vhd sub00/vhpl04 1480074289
