V3 11
FL "D:/EMBEDDED PROJECT/Hopefully Final/PCNN/FaceRecoViaPCNN/FaceRecoViaPCNN/arraypack.vhd" 2016/11/25.14:02:26 P.20131013
PH work/arraypack 1480071015 \
      FL "D:/EMBEDDED PROJECT/Hopefully Final/PCNN/FaceRecoViaPCNN/FaceRecoViaPCNN/arraypack.vhd" \
      PB ieee/std_logic_1164 1381692176
FL "D:/EMBEDDED PROJECT/Hopefully Final/PCNN/FaceRecoViaPCNN/FaceRecoViaPCNN/ControlUnit.vhd" 2016/11/25.16:18:45 P.20131013
EN work/ControlUnit 1480071018 \
      FL "D:/EMBEDDED PROJECT/Hopefully Final/PCNN/FaceRecoViaPCNN/FaceRecoViaPCNN/ControlUnit.vhd" \
      PB ieee/std_logic_1164 1381692176 PH work/arraypack 1480071015 \
      PB work/inputs 1480071017 PB ieee/NUMERIC_STD 1381692181
AR work/ControlUnit/Behavioral 1480071019 \
      FL "D:/EMBEDDED PROJECT/Hopefully Final/PCNN/FaceRecoViaPCNN/FaceRecoViaPCNN/ControlUnit.vhd" \
      EN work/ControlUnit 1480071018
FL "D:/EMBEDDED PROJECT/Hopefully Final/PCNN/FaceRecoViaPCNN/FaceRecoViaPCNN/inputs.vhd" 2016/11/25.14:02:26 P.20131013
PH work/inputs 1480071016 \
      FL "D:/EMBEDDED PROJECT/Hopefully Final/PCNN/FaceRecoViaPCNN/FaceRecoViaPCNN/inputs.vhd" \
      PB ieee/std_logic_1164 1381692176 PH work/arraypack 1480071015
PB work/inputs 1480071017 \
      FL "D:/EMBEDDED PROJECT/Hopefully Final/PCNN/FaceRecoViaPCNN/FaceRecoViaPCNN/inputs.vhd" \
      PH work/inputs 1480071016
FL E:/14.7/ISE_DS/files/FaceRecoViaPCNN/arraypack.vhd 2016/11/25.03:23:57 P.20131013
FL E:/14.7/ISE_DS/files/FaceRecoViaPCNN/ControlUnit.vhd 2016/11/25.03:24:01 P.20131013
FL E:/14.7/ISE_DS/files/FaceRecoViaPCNN/inputs.vhd 2016/11/25.03:23:17 P.20131013
